void global()
	0: def a_, 0
	1: mov a_, 3
	2: def b_, 0
	3: mov b_, 5
	4: return null
end

int main()
	0: call null, global()
	1: def a_0, 0
	2: mov a_0, 5
	3: add tmp0, a_0, b_
	4: return tmp0
end

GVT:
	a_ int 0
	b_ int 0
