void global()
	0: return null
end

int main()
	0: call null, global()
	1: return 0
end

GVT:
	a_ int* 100
