void global()
	0: return null
end

int main()
	0: call null, global()
	1: def a_0, 0
	2: mov a_0, 10
	3: def b_0, 0
	4: mov b_0, 5
	5: return 5
end

GVT:
