int func(int p_0)
	0: def tmp0, 1
	1: sub tmp1, p_0, tmp0
	2: mov p_0, tmp1
	3: return p_0
end

void global()
	0: def a_, 0
	1: return null
end

int main()
	0: call null, global()
	1: def b_0, 0
	2: mov a_, 10
	3: call tmp2, func(a_)
	4: mov b_0, tmp2
	5: return b_0
end

GVT:
	a_ int 0
