int defn()
	0: return 4
end

void global()
	0: return null
end

int main()
	0: call null, global()
	1: def a_0, 0
	2: call tmp0, defn()
	3: mov a_0, tmp0
	4: return a_0
end

GVT:
