void global()
	0: def a_, 0
	1: mov a_, 5
	2: return null
end

int main()
	0: call null, global()
	1: return 25
end

GVT:
	a_ int 0
