void global()
	0: return null
end

int main()
	0: call null, global()
	1: def a_0, 0
	2: def b_0, 0
	3: mov a_0, 10
	4: mov b_0, 5
	5: div tmp0, a_0, b_0
	6: return tmp0
end

GVT:
