int ifElseIf()
	0: def a_0, 0
	1: mov a_0, 5
	2: def b_0, 0
	3: mov b_0, 10
	4: def tmp0, 6
	5: eq tmp1, a_0, tmp0
	6: if tmp1 goto [pc, 5]
	7: def tmp2, 0xb
	8: eq tmp3, b_0, tmp2
	9: not tmp5, tmp3
	10: if tmp5 goto [pc, 3]
	11: return a_0
	12: goto [pc, 26]
	13: def tmp6, 10
	14: eq tmp7, b_0, tmp6
	15: not tmp9, tmp7
	16: if tmp9 goto [pc, 7]
	17: def tmp10, 1
	18: eq tmp11, a_0, tmp10
	19: not tmp13, tmp11
	20: if tmp13 goto [pc, 3]
	21: mov a_0, 25
	22: goto [pc, 16]
	23: def tmp14, 10
	24: eq tmp15, b_0, tmp14
	25: not tmp17, tmp15
	26: if tmp17 goto [pc, 9]
	27: def tmp18, -5
	28: eq tmp19, a_0, tmp18
	29: not tmp21, tmp19
	30: if tmp21 goto [pc, 5]
	31: def tmp22, 15
	32: add tmp23, a_0, tmp22
	33: mov a_0, tmp23
	34: goto [pc, 4]
	35: def tmp24, -1
	36: mul tmp25, tmp24, a_0
	37: mov a_0, tmp25
	38: return a_0
end

void global()
	0: return null
end

int main()
	0: call null, global()
	1: call tmp27, ifElseIf()
	2: call tmp26, putint(tmp27)
	3: return 0
end

GVT:
