int FourWhile()
	0: def a_0, 0
	1: mov a_0, 5
	2: def b_0, 0
	3: def c_0, 0
	4: mov b_0, 6
	5: mov c_0, 7
	6: def d_0, 0
	7: mov d_0, 10
	8: def tmp0, 20
	9: lss tmp1, a_0, tmp0
	10: not tmp3, tmp1
	11: if tmp3 goto [pc, 38]
	12: def tmp4, 3
	13: add tmp5, a_0, tmp4
	14: mov a_0, tmp5
	15: def tmp6, 10
	16: lss tmp7, b_0, tmp6
	17: not tmp9, tmp7
	18: if tmp9 goto [pc, 27]
	19: def tmp10, 1
	20: add tmp11, b_0, tmp10
	21: mov b_0, tmp11
	22: def tmp12, 7
	23: eq tmp13, c_0, tmp12
	24: not tmp15, tmp13
	25: if tmp15 goto [pc, 16]
	26: def tmp16, 1
	27: sub tmp17, c_0, tmp16
	28: mov c_0, tmp17
	29: def tmp18, 20
	30: lss tmp19, d_0, tmp18
	31: not tmp21, tmp19
	32: if tmp21 goto [pc, 5]
	33: def tmp22, 3
	34: add tmp23, d_0, tmp22
	35: mov d_0, tmp23
	36: goto [pc, -7]
	37: def tmp24, 1
	38: sub tmp25, d_0, tmp24
	39: mov d_0, tmp25
	40: goto [pc, -18]
	41: def tmp26, 1
	42: add tmp27, c_0, tmp26
	43: mov c_0, tmp27
	44: goto [pc, -29]
	45: def tmp28, 2
	46: sub tmp29, b_0, tmp28
	47: mov b_0, tmp29
	48: goto [pc, -40]
	49: add tmp30, b_0, d_0
	50: add tmp31, a_0, tmp30
	51: add tmp32, tmp31, c_0
	52: return tmp32
end

void global()
	0: return null
end

int main()
	0: call null, global()
	1: call tmp33, FourWhile()
	2: return tmp33
end

GVT:
