void global()
	0: return null
end

int main()
	0: call null, global()
	1: def i_0, 0
	2: mov i_0, 0
	3: def sum_0, 0
	4: mov sum_0, 0
	5: def tmp0, 100
	6: lss tmp1, i_0, tmp0
	7: not tmp3, tmp1
	8: if tmp3 goto [pc, 15]
	9: def tmp4, 50
	10: eq tmp5, i_0, tmp4
	11: not tmp7, tmp5
	12: if tmp7 goto [pc, 5]
	13: def tmp8, 1
	14: add tmp9, i_0, tmp8
	15: mov i_0, tmp9
	16: goto [pc, -11]
	17: add tmp10, sum_0, i_0
	18: mov sum_0, tmp10
	19: def tmp11, 1
	20: add tmp12, i_0, tmp11
	21: mov i_0, tmp12
	22: goto [pc, -17]
	23: return sum_0
end

GVT:
