int whileIf()
	0: def a_0, 0
	1: mov a_0, 0
	2: def b_0, 0
	3: mov b_0, 0
	4: def tmp0, 100
	5: lss tmp1, a_0, tmp0
	6: not tmp3, tmp1
	7: if tmp3 goto [pc, 20]
	8: def tmp4, 5
	9: eq tmp5, a_0, tmp4
	10: not tmp7, tmp5
	11: if tmp7 goto [pc, 3]
	12: mov b_0, 25
	13: goto [pc, 10]
	14: def tmp8, 10
	15: eq tmp9, a_0, tmp8
	16: not tmp11, tmp9
	17: if tmp11 goto [pc, 3]
	18: mov b_0, 42
	19: goto [pc, 4]
	20: def tmp12, 2
	21: mul tmp13, a_0, tmp12
	22: mov b_0, tmp13
	23: def tmp14, 1
	24: add tmp15, a_0, tmp14
	25: mov a_0, tmp15
	26: goto [pc, -22]
	27: return b_0
end

void global()
	0: return null
end

int main()
	0: call null, global()
	1: call tmp16, whileIf()
	2: return tmp16
end

GVT:
