int ifWhile()
	0: def a_0, 0
	1: mov a_0, 0
	2: def b_0, 0
	3: mov b_0, 3
	4: def tmp0, 5
	5: eq tmp1, a_0, tmp0
	6: not tmp3, tmp1
	7: if tmp3 goto [pc, 13]
	8: def tmp4, 2
	9: eq tmp5, b_0, tmp4
	10: not tmp7, tmp5
	11: if tmp7 goto [pc, 5]
	12: def tmp8, 2
	13: add tmp9, b_0, tmp8
	14: mov b_0, tmp9
	15: goto [pc, -7]
	16: def tmp10, 25
	17: add tmp11, b_0, tmp10
	18: mov b_0, tmp11
	19: goto [pc, 12]
	20: def tmp12, 5
	21: lss tmp13, a_0, tmp12
	22: not tmp15, tmp13
	23: if tmp15 goto [pc, 8]
	24: def tmp16, 2
	25: mul tmp17, b_0, tmp16
	26: mov b_0, tmp17
	27: def tmp18, 1
	28: add tmp19, a_0, tmp18
	29: mov a_0, tmp19
	30: goto [pc, -10]
	31: return b_0
end

void global()
	0: return null
end

int main()
	0: call null, global()
	1: call tmp20, ifWhile()
	2: return tmp20
end

GVT:
