void global()
	0: return null
end

int main()
	0: call null, global()
	1: def a_0, 0
	2: def b_0, 0
	3: mov a_0, 10
	4: mov b_0, 30
	5: def tmp0, -5
	6: sub tmp1, a_0, tmp0
	7: add tmp2, tmp1, b_0
	8: def tmp3, -5
	9: add tmp4, tmp2, tmp3
	10: return tmp4
end

GVT:
