void global()
	0: def a_, 0
	1: def b_, 0
	2: def c_, 0
	3: def d_, 0
	4: def e_, 0
	5: return null
end

int main()
	0: call null, global()
	1: mov a_, 0
	2: mov b_, 1
	3: mov c_, 1
	4: mov d_, 1
	5: mov e_, 1
	6: def flag_0, 0
	7: mov flag_0, 0
	8: mul tmp0, b_, c_
	9: sub tmp1, a_, tmp0
	10: div tmp2, a_, c_
	11: sub tmp3, d_, tmp2
	12: neq tmp4, tmp1, tmp3
	13: if tmp4 goto [pc, 12]
	14: mul tmp5, a_, b_
	15: div tmp6, tmp5, c_
	16: add tmp7, e_, d_
	17: eq tmp8, tmp6, tmp7
	18: if tmp8 goto [pc, 7]
	19: add tmp9, a_, b_
	20: add tmp10, tmp9, c_
	21: add tmp11, d_, e_
	22: eq tmp12, tmp10, tmp11
	23: not tmp14, tmp12
	24: if tmp14 goto [pc, 2]
	25: mov flag_0, 1
	26: return flag_0
end

GVT:
	a_ int 0
	b_ int 0
	c_ int 0
	d_ int 0
	e_ int 0
