void global()
	0: def a_, 0
	1: def b_, 0
	2: return null
end

int main()
	0: call null, global()
	1: mov a_, 4
	2: mov b_, 4
	3: def c_0, 0
	4: eq tmp0, a_, b_
	5: not tmp2, tmp0
	6: if tmp2 goto [pc, 7]
	7: def tmp3, 3
	8: neq tmp4, a_, tmp3
	9: not tmp6, tmp4
	10: if tmp6 goto [pc, 3]
	11: mov c_0, 1
	12: goto [pc, 2]
	13: mov c_0, 0
	14: return c_0
end

GVT:
	a_ int 0
	b_ int 0
