void global()
	0: return null
end

int main()
	0: call null, global()
	1: def a_0, 0
	2: def b_0, 0
	3: mov a_0, 0xf
	4: mov b_0, 0xc
	5: add tmp0, a_0, b_0
	6: def tmp1, 075
	7: add tmp2, tmp0, tmp1
	8: return tmp2
end

GVT:
