void global()
	0: return null
end

int main()
	0: call null, global()
	1: def a_0, 0
	2: def b_0, 0
	3: def c_0, 0
	4: def d_0, 0
	5: def result_0, 0
	6: mov a_0, 5
	7: mov b_0, 5
	8: mov c_0, 1
	9: mov d_0, -2
	10: def tmp0, 1
	11: mul tmp1, d_0, tmp0
	12: def tmp2, 2
	13: div tmp3, tmp1, tmp2
	14: sub tmp4, a_0, b_0
	15: add tmp5, tmp3, tmp4
	16: def tmp6, 3
	17: add tmp7, c_0, tmp6
	18: def tmp8, -1
	19: mul tmp9, tmp8, tmp7
	20: def tmp10, 2
	21: mod tmp11, tmp9, tmp10
	22: sub tmp12, tmp5, tmp11
	23: mov result_0, tmp12
	24: call tmp13, putint(result_0)
	25: def tmp14, 2
	26: mod tmp15, d_0, tmp14
	27: def tmp16, 67
	28: add tmp17, tmp15, tmp16
	29: sub tmp18, a_0, b_0
	30: def tmp19, -1
	31: mul tmp20, tmp19, tmp18
	32: add tmp21, tmp17, tmp20
	33: def tmp22, 2
	34: add tmp23, c_0, tmp22
	35: def tmp24, 2
	36: mod tmp25, tmp23, tmp24
	37: def tmp26, -1
	38: mul tmp27, tmp26, tmp25
	39: sub tmp28, tmp21, tmp27
	40: mov result_0, tmp28
	41: def tmp29, 3
	42: add tmp30, result_0, tmp29
	43: mov result_0, tmp30
	44: call tmp31, putint(result_0)
	45: return 0
end

GVT:
