void global()
	0: return null
end

int main()
	0: call null, global()
	1: def a_0, 0
	2: def b_0, 0
	3: def c_0, 0
	4: def d_0, 0
	5: def result_0, 0
	6: mov a_0, 5
	7: mov b_0, 5
	8: mov c_0, 1
	9: mov d_0, -2
	10: mov result_0, 2
	11: def tmp0, 1
	12: mul tmp1, d_0, tmp0
	13: def tmp2, 2
	14: div tmp3, tmp1, tmp2
	15: def tmp4, 0
	16: lss tmp5, tmp3, tmp4
	17: if tmp5 goto [pc, 14]
	18: sub tmp6, a_0, b_0
	19: def tmp7, 0
	20: neq tmp8, tmp6, tmp7
	21: not tmp10, tmp8
	22: if tmp10 goto [pc, 10]
	23: def tmp11, 3
	24: add tmp12, c_0, tmp11
	25: def tmp13, 2
	26: mod tmp14, tmp12, tmp13
	27: def tmp15, 0
	28: neq tmp16, tmp14, tmp15
	29: not tmp18, tmp16
	30: if tmp18 goto [pc, 2]
	31: call tmp19, putint(result_0)
	32: def tmp20, 2
	33: mod tmp21, d_0, tmp20
	34: def tmp22, 67
	35: add tmp23, tmp21, tmp22
	36: def tmp24, 0
	37: lss tmp25, tmp23, tmp24
	38: if tmp25 goto [pc, 14]
	39: sub tmp26, a_0, b_0
	40: def tmp27, 0
	41: neq tmp28, tmp26, tmp27
	42: not tmp30, tmp28
	43: if tmp30 goto [pc, 11]
	44: def tmp31, 2
	45: add tmp32, c_0, tmp31
	46: def tmp33, 2
	47: mod tmp34, tmp32, tmp33
	48: def tmp35, 0
	49: neq tmp36, tmp34, tmp35
	50: not tmp38, tmp36
	51: if tmp38 goto [pc, 3]
	52: mov result_0, 4
	53: call tmp39, putint(result_0)
	54: return 0
end

GVT:
