int set_a(int val_0)
	0: mov a_, val_0
	1: return a_
end

int set_b(int val_0)
	0: mov b_, val_0
	1: return b_
end

int set_d(int val_0)
	0: mov d_, val_0
	1: return d_
end

void global()
	0: def a_, 0
	1: def b_, 0
	2: def d_, 0
	3: return null
end

int main()
	0: call null, global()
	1: mov a_, 2
	2: mov b_, 3
	3: call tmp0, set_a(0)
	4: not tmp2, tmp0
	5: if tmp2 goto [pc, 4]
	6: call tmp3, set_b(1)
	7: not tmp5, tmp3
	8: if tmp5 goto [pc, 1]
	9: call tmp6, putint(a_)
	10: call tmp7, putch(32)
	11: call tmp8, putint(b_)
	12: call tmp9, putch(32)
	13: mov a_, 2
	14: mov b_, 3
	15: call tmp10, set_a(0)
	16: not tmp12, tmp10
	17: if tmp12 goto [pc, 4]
	18: call tmp13, set_b(1)
	19: not tmp15, tmp13
	20: if tmp15 goto [pc, 1]
	21: call tmp16, putint(a_)
	22: call tmp17, putch(32)
	23: call tmp18, putint(b_)
	24: call tmp19, putch(10)
	25: def c_0, 0
	26: mov c_0, 1
	27: mov d_, 2
	28: def tmp21, 1
	29: not tmp22, tmp21
	30: if tmp22 goto [pc, 4]
	31: call tmp23, set_d(3)
	32: not tmp25, tmp23
	33: if tmp25 goto [pc, 1]
	34: call tmp26, putint(d_)
	35: call tmp27, putch(32)
	36: def tmp28, 1
	37: if tmp28 goto [pc, 4]
	38: call tmp29, set_d(4)
	39: not tmp31, tmp29
	40: if tmp31 goto [pc, 1]
	41: call tmp32, putint(d_)
	42: call tmp33, putch(10)
	43: def tmp35, 1
	44: not tmp36, tmp35
	45: if tmp36 goto [pc, 2]
	46: call tmp37, putch(65)
	47: def tmp39, 0
	48: not tmp40, tmp39
	49: if tmp40 goto [pc, 2]
	50: call tmp41, putch(66)
	51: def tmp43, 0
	52: not tmp44, tmp43
	53: if tmp44 goto [pc, 2]
	54: call tmp45, putch(67)
	55: def tmp47, 1
	56: not tmp48, tmp47
	57: if tmp48 goto [pc, 2]
	58: call tmp49, putch(68)
	59: def tmp51, 0
	60: not tmp52, tmp51
	61: if tmp52 goto [pc, 2]
	62: call tmp53, putch(69)
	63: def tmp55, 1
	64: not tmp56, tmp55
	65: if tmp56 goto [pc, 2]
	66: call tmp57, putch(70)
	67: call tmp58, putch(10)
	68: def i0_0, 0
	69: mov i0_0, 0
	70: def i1_0, 0
	71: mov i1_0, 1
	72: def i2_0, 0
	73: mov i2_0, 2
	74: def i3_0, 0
	75: mov i3_0, 3
	76: def i4_0, 0
	77: mov i4_0, 4
	78: not tmp60, i0_0
	79: if tmp60 goto [pc, 5]
	80: not tmp62, i1_0
	81: if tmp62 goto [pc, 3]
	82: call tmp63, putch(32)
	83: goto [pc, -5]
	84: if i0_0 goto [pc, 3]
	85: not tmp65, i1_0
	86: if tmp65 goto [pc, 2]
	87: call tmp66, putch(67)
	88: geq tmp67, i0_0, i1_0
	89: if tmp67 goto [pc, 4]
	90: leq tmp68, i1_0, i0_0
	91: not tmp70, tmp68
	92: if tmp70 goto [pc, 2]
	93: call tmp71, putch(72)
	94: geq tmp72, i2_0, i1_0
	95: not tmp74, tmp72
	96: if tmp74 goto [pc, 5]
	97: neq tmp75, i4_0, i3_0
	98: not tmp77, tmp75
	99: if tmp77 goto [pc, 2]
	100: call tmp78, putch(73)
	101: def tmp79, 0
	102: not tmp80, i1_0
	103: eq tmp81, i0_0, tmp80
	104: not tmp83, tmp81
	105: if tmp83 goto [pc, 3]
	106: lss tmp84, i3_0, i3_0
	107: if tmp84 goto [pc, 4]
	108: geq tmp85, i4_0, i4_0
	109: not tmp87, tmp85
	110: if tmp87 goto [pc, 2]
	111: call tmp88, putch(74)
	112: def tmp89, 0
	113: not tmp90, i1_0
	114: eq tmp91, i0_0, tmp90
	115: if tmp91 goto [pc, 7]
	116: lss tmp92, i3_0, i3_0
	117: not tmp94, tmp92
	118: if tmp94 goto [pc, 5]
	119: geq tmp95, i4_0, i4_0
	120: not tmp97, tmp95
	121: if tmp97 goto [pc, 2]
	122: call tmp98, putch(75)
	123: call tmp99, putch(10)
	124: return 0
end

GVT:
	a_ int 0
	b_ int 0
	d_ int 0
